// Jest Snapshot v1, https://goo.gl/fbAQLP

exports[`Lista de transacoes O snapshot da lista de transações deve ser sempre o mesmo 1`] = `
<div
  data-testid="transacoes"
>
  <div
    class="transacao-container"
  >
    <p>
      08/09/2020
    </p>
    <p />
    <p>
      R$ 
      20.00
    </p>
  </div>
  <div
    class="transacao-container"
  >
    <p>
      08/10/2020
    </p>
    <p />
    <p>
      R$ 
      25.00
    </p>
  </div>
  <div
    class="transacao-container"
  >
    <p>
      10/09/2020
    </p>
    <p />
    <p>
      R$ 
      30.00
    </p>
  </div>
</div>
`;
